../Drivers/CMSIS/Include/core_cm3.h:1762:34:__NVIC_SystemReset	4	static,ignoring_inline_asm
../Core/Src/main.c:207:5:main	16	static
../Core/Src/main.c:314:6:SystemClock_Config	72	static
../Core/Src/main.c:354:13:MX_CAN_Init	8	static
../Core/Src/main.c:391:13:MX_I2C1_Init	32	static
../Core/Src/main.c:432:13:MX_TIM1_Init	32	static
../Core/Src/main.c:478:13:MX_GPIO_Init	40	static
../Core/Src/main.c:511:6:ADS1119_Reset	32	static
../Core/Src/main.c:519:6:ADS1119_Start	32	static
../Core/Src/main.c:525:6:ADS1119_Config	32	static
../Core/Src/main.c:544:9:ADS1119_Read	40	static
../Core/Src/main.c:560:6:Analog_Read_ALL	8	static
../Core/Src/main.c:631:6:SetMUX	24	static,ignoring_inline_asm
../Core/Src/main.c:651:6:ConvertAllAdcToMillivolts	16	static
../Core/Src/main.c:669:9:ADS1119_ConvertToMillivolts	16	static
../Core/Src/main.c:675:6:ConvertMilliVoltsToDistance	8	static
../Core/Src/main.c:680:6:ConvertMilliVoltsToTemperature	16	static
../Core/Src/main.c:686:6:ConvertMilliVoltsToPressure	8	static
../Core/Src/main.c:697:7:LookupWithInterpolation	32	static
../Core/Src/main.c:723:6:SendMainDataToCan	8	static
../Core/Src/main.c:755:6:SendSP10DataToCan	16	static
../Core/Src/main.c:780:6:HAL_TIM_PeriodElapsedCallback	16	static
../Core/Src/main.c:814:6:Error_Handler	8	static
