../Drivers/CMSIS/Include/core_cm3.h:1762:34:__NVIC_SystemReset	1
../Core/Src/main.c:207:5:main	9
../Core/Src/main.c:314:6:SystemClock_Config	3
../Core/Src/main.c:354:13:MX_CAN_Init	2
../Core/Src/main.c:391:13:MX_I2C1_Init	2
../Core/Src/main.c:432:13:MX_TIM1_Init	4
../Core/Src/main.c:478:13:MX_GPIO_Init	1
../Core/Src/main.c:511:6:ADS1119_Reset	1
../Core/Src/main.c:519:6:ADS1119_Start	1
../Core/Src/main.c:525:6:ADS1119_Config	5
../Core/Src/main.c:544:9:ADS1119_Read	3
../Core/Src/main.c:560:6:Analog_Read_ALL	1
../Core/Src/main.c:631:6:SetMUX	2
../Core/Src/main.c:651:6:ConvertAllAdcToMillivolts	3
../Core/Src/main.c:669:9:ADS1119_ConvertToMillivolts	2
../Core/Src/main.c:675:6:ConvertMilliVoltsToDistance	1
../Core/Src/main.c:680:6:ConvertMilliVoltsToTemperature	2
../Core/Src/main.c:686:6:ConvertMilliVoltsToPressure	3
../Core/Src/main.c:697:7:LookupWithInterpolation	5
../Core/Src/main.c:723:6:SendMainDataToCan	2
../Core/Src/main.c:755:6:SendSP10DataToCan	3
../Core/Src/main.c:780:6:HAL_TIM_PeriodElapsedCallback	5
../Core/Src/main.c:814:6:Error_Handler	0
