../Drivers/CMSIS/Include/core_cm3.h:1762:34:__NVIC_SystemReset	4	static,ignoring_inline_asm
../Core/Src/main.c:205:5:main	16	static
../Core/Src/main.c:311:6:SystemClock_Config	72	static
../Core/Src/main.c:351:13:MX_CAN_Init	8	static
../Core/Src/main.c:388:13:MX_I2C1_Init	32	static
../Core/Src/main.c:429:13:MX_TIM1_Init	32	static
../Core/Src/main.c:475:13:MX_GPIO_Init	40	static
../Core/Src/main.c:508:6:ADS1119_Reset	32	static
../Core/Src/main.c:516:6:ADS1119_Start	32	static
../Core/Src/main.c:522:6:ADS1119_Config	32	static
../Core/Src/main.c:541:9:ADS1119_Read	40	static
../Core/Src/main.c:557:6:Analog_Read_ALL	8	static
../Core/Src/main.c:632:6:SetMUX	24	static,ignoring_inline_asm
../Core/Src/main.c:656:6:ConvertAllAdcToMillivolts	16	static
../Core/Src/main.c:674:9:ADS1119_ConvertToMillivolts	16	static
../Core/Src/main.c:681:6:ConvertMilliVoltsToDistance	8	static
../Core/Src/main.c:686:6:ConvertMilliVoltsToTemperature	16	static
../Core/Src/main.c:692:6:ConvertMilliVoltsToPressure	8	static
../Core/Src/main.c:705:7:LookupWithInterpolation	32	static
../Core/Src/main.c:731:6:SendMainDataToCan	16	static
../Core/Src/main.c:772:6:HAL_TIM_PeriodElapsedCallback	16	static
../Core/Src/main.c:804:6:Error_Handler	8	static
